-------------------------------------------------------------------------------
      name:  <unnamed>
       log:  C:\Users\culm\OneDrive - University of North Carolina at Chapel Hi
> ll\OUHSC Backup 6.26.23\Employee Folder\Stanford Data Analyst\SNAP\SNAP_suppo
> rt\output\logs\01_prepare_data.log
  log type:  text
 opened on:   3 Aug 2026, 09:26:21

. 
. *----------------------------------------------------------------------------
> --*
. * 1. Import Wave 2
. *----------------------------------------------------------------------------
> --*
. import excel using     "`root'\University of Chicago Booth_SNAP Benefits Surv
> ey Tracker (W2)_RAW DATA_07.29.26_V01.xlsx",     sheet("Raw Data") firstrow a
> llstring clear
(76 vars, 9,015 obs)

. 
. * Drop Qualtrics metadata / question-text row
. keep if wave == "2"
(1 observation deleted)

. count
  9,014

. display as text "Wave 2 respondents: " as result r(N)
Wave 2 respondents: 9014

. 
. *----------------------------------------------------------------------------
> --*
. * 2. Merge Wave 1 Q14 (soda overconsumption) by user_id
. *    DEVIATION: Q14 empty in W2; use Dec 2025 Wave 1 response.
. *----------------------------------------------------------------------------
> --*
. preserve

. import delimited using     "`root'\Numerator\Numerator_SNAP Restrictions_BL d
> ata_raw.csv",     varnames(1) stringcols(_all) bindquote(strict) maxquotedrow
> s(200) clear
(encoding automatically selected: UTF-8)
(68 vars, 17,820 obs)

. keep if !missing(responseid) & substr(responseid, 1, 2) == "R_"
(1 observation deleted)

. keep user_id q14

. rename q14 q14_w1

. duplicates drop user_id, force

Duplicates in terms of user_id

(0 observations are duplicates)

. tempfile w1_q14

. save `w1_q14'
file
    C:\Users\culm\AppData\Local\Temp\stata_worker_w2_prep_98b2d9a248_ccc09887
    > 03_oym93d30\ST_b51c_000006.tmp saved as .dta format

. restore

. 
. merge m:1 user_id using `w1_q14', keep(master match) nogen

    Result                      Number of obs
    -----------------------------------------
    Not matched                             0
    Matched                             9,014  
    -----------------------------------------

. count if missing(q14_w1)
  0

. display as text "W2 rows missing W1 Q14: " as result r(N)
W2 rows missing W1 Q14: 0

. 
. *----------------------------------------------------------------------------
> --*
. * 3. Outcome: support (Q2 early / Q13 late), 1-5
. *----------------------------------------------------------------------------
> --*
. gen support = .
(9,014 missing values generated)

. foreach q in Q2 Q13 {
  2.     replace support = 1 if `q' == "Strongly oppose"
  3.     replace support = 2 if `q' == "Somewhat oppose"
  4.     replace support = 3 if `q' == "Neither oppose nor support"
  5.     replace support = 4 if `q' == "Somewhat support"
  6.     replace support = 5 if `q' == "Strongly support"
  7. }
(944 real changes made)
(674 real changes made)
(957 real changes made)
(846 real changes made)
(1,124 real changes made)
(817 real changes made)
(639 real changes made)
(976 real changes made)
(828 real changes made)
(1,209 real changes made)

. label define supportlbl     1 "Strongly oppose" 2 "Somewhat oppose" 3 "Neithe
> r oppose nor support"     4 "Somewhat support" 5 "Strongly support", replace

. label values support supportlbl

. label variable support "Support for SNAP soft-drink/candy restrictions (1-5)"

. 
. *----------------------------------------------------------------------------
> --*
. * 4. Moderator: SNAP participation (Q4). Don't Know -> missing (excluded).
. *----------------------------------------------------------------------------
> --*
. gen snap = .
(9,014 missing values generated)

. replace snap = 1 if Q4 == "Yes"
(4,425 real changes made)

. replace snap = 0 if Q4 == "No"
(4,340 real changes made)

. * Catch curly/smart apostrophe variants of Don't Know
. replace snap = . if inlist(Q4, "Don't Know", "Don't Know", "Dont Know")
(0 real changes made)

. * Any remaining non Yes/No with text stays missing
. label define snaplbl 0 "Non-SNAP" 1 "SNAP", replace

. label values snap snaplbl

. label variable snap "SNAP participation past 3 months (W2 Q4)"

. 
. tab Q4 snap, missing

                      | SNAP participation past 3 months
                      |             (W2 Q4)
                   Q4 |  Non-SNAP       SNAP          . |     Total
----------------------+---------------------------------+----------
           Don’t Know |         0          0        249 |       249 
                   No |     4,340          0          0 |     4,340 
                  Yes |         0      4,425          0 |     4,425 
----------------------+---------------------------------+----------
                Total |     4,340      4,425        249 |     9,014 

. 
. *----------------------------------------------------------------------------
> --*
. * 5. Predictors (continuous per prereg v10)
. *----------------------------------------------------------------------------
> --*
. 
. * Perceived health risk of soda (Q3)
. gen risk = .
(9,014 missing values generated)

. replace risk = 1 if Q3 == "Not at all"
(696 real changes made)

. replace risk = 2 if Q3 == "Very little"
(2,149 real changes made)

. replace risk = 3 if Q3 == "Somewhat"
(3,181 real changes made)

. replace risk = 4 if Q3 == "Quite a bit"
(1,920 real changes made)

. replace risk = 5 if Q3 == "A great deal"
(1,068 real changes made)

. label variable risk "Perceived health risk of daily soda (1-5)"

. 
. * Embarrassment: Q5 (SNAP) / Q6 (non-SNAP)
. gen embarrass = .
(9,014 missing values generated)

. foreach q in Q5 Q6 {
  2.     replace embarrass = 1 if `q' == "Never"
  3.     replace embarrass = 2 if `q' == "Rarely"
  4.     replace embarrass = 3 if `q' == "Sometimes"
  5.     replace embarrass = 4 if `q' == "Often"
  6.     replace embarrass = 5 if `q' == "Most or all of the time"
  7. }
(1,811 real changes made)
(932 real changes made)
(1,060 real changes made)
(300 real changes made)
(272 real changes made)
(491 real changes made)
(715 real changes made)
(1,853 real changes made)
(953 real changes made)
(328 real changes made)

. * Q5 "I did not pay..." stays missing
. label variable embarrass "Felt/perceived judgment paying with SNAP (1-5)"

. 
. * Stigma items Q7 / Q8 -> mean stigma score
. gen q7_num = .
(9,014 missing values generated)

. replace q7_num = 1 if Q7 == "Strongly disagree"
(1,902 real changes made)

. replace q7_num = 2 if Q7 == "Somewhat disagree"
(1,264 real changes made)

. replace q7_num = 3 if Q7 == "Neither disagree nor agree"
(3,617 real changes made)

. replace q7_num = 4 if Q7 == "Somewhat agree"
(1,336 real changes made)

. replace q7_num = 5 if Q7 == "Strongly agree"
(895 real changes made)

. 
. gen q8_num = .
(9,014 missing values generated)

. replace q8_num = 1 if Q8 == "Strongly disagree"
(2,066 real changes made)

. replace q8_num = 2 if Q8 == "Somewhat disagree"
(1,293 real changes made)

. replace q8_num = 3 if Q8 == "Neither disagree nor agree"
(3,251 real changes made)

. replace q8_num = 4 if Q8 == "Somewhat agree"
(1,399 real changes made)

. replace q8_num = 5 if Q8 == "Strongly agree"
(1,005 real changes made)

. 
. egen stigma = rowmean(q7_num q8_num)

. label variable stigma "Perceived stigma (mean of Q7 disrespect + Q8 agency)"

. 
. * Descriptive reliability of stigma items (W2)
. count if !missing(q7_num, q8_num)
  9,014

. alpha q7_num q8_num

Test scale = mean(unstandardized items)

Average interitem covariance:     1.152521
Number of items in the scale:            2
Scale reliability coefficient:      0.8537

. spearman q7_num q8_num, stats(rho p obs)

Number of observations =  9,014
        Spearman's rho = 0.7345

Test of H0: q7_num and q8_num are independent
                  Prob = 0.0000

. 
. * Overconsumption from Wave 1 Q14
. gen overconsume = .
(9,014 missing values generated)

. replace overconsume = 1 if q14_w1 == "Not at all"
(3,916 real changes made)

. replace overconsume = 2 if q14_w1 == "Somewhat"
(2,622 real changes made)

. replace overconsume = 3 if q14_w1 == "Mostly"
(1,203 real changes made)

. replace overconsume = 4 if q14_w1 == "Definitely"
(1,273 real changes made)

. label variable overconsume "Soda overconsumption (W1 Q14; 1-4)"

. 
. *----------------------------------------------------------------------------
> --*
. * 6. Covariates
. *----------------------------------------------------------------------------
> --*
. foreach v in age_bucket gender ethnicity education income     user_census_reg
> ion_name has_children {
  2.     encode `v', gen(cv_`v')
  3. }

. 
. * State id for clustering
. encode user_state_name, gen(state)

. 
. * Restriction status crosswalk
. preserve

. import delimited using "`code'\state_restriction_status.csv",     varnames(1)
>  stringcols(_all) clear
(encoding automatically selected: UTF-8)
(5 vars, 51 obs)

. destring restriction_status_num, replace
restriction_status_num: all characters numeric; replaced as byte

. tempfile xwalk

. save `xwalk'
file
    C:\Users\culm\AppData\Local\Temp\stata_worker_w2_prep_98b2d9a248_ccc09887
    > 03_oym93d30\ST_b51c_000008.tmp saved as .dta format

. restore

. 
. rename user_state_name state_name

. merge m:1 state_name using `xwalk', keep(master match) nogen

    Result                      Number of obs
    -----------------------------------------
    Not matched                             0
    Matched                             9,014  
    -----------------------------------------

. rename state_name user_state_name

. 
. destring restriction_status_num, replace force
restriction_status_num already numeric; no replace

. label define restlbl     1 "Currently implemented"     2 "Previously implemen
> ted but vacated"     3 "Adopted not yet implemented or vacated"     4 "Not ad
> opted", replace

. label values restriction_status_num restlbl

. label variable restriction_status_num "State SNAP restriction status (as of W
> 2 fielding)"

. 
. tab restriction_status_num, missing

  State SNAP restriction status (as of |
                          W2 fielding) |      Freq.     Percent        Cum.
---------------------------------------+-----------------------------------
                 Currently implemented |      2,969       32.94       32.94
    Previously implemented but vacated |        332        3.68       36.62
Adopted not yet implemented or vacated |      1,090       12.09       48.71
                           Not adopted |      4,623       51.29      100.00
---------------------------------------+-----------------------------------
                                 Total |      9,014      100.00

. count if missing(restriction_status_num)
  0

. assert r(N) == 0

. 
. *----------------------------------------------------------------------------
> --*
. * 7. Analysis sample flags / Ns
. *----------------------------------------------------------------------------
> --*
. gen analysis_ok = !missing(support, snap, risk, embarrass, stigma, overconsum
> e,     cv_age_bucket, cv_gender, cv_ethnicity, cv_education, cv_income,     c
> v_user_census_region_name, cv_has_children, restriction_status_num, state)

. 
. count if !missing(snap)
  8,765

. local n_snap = r(N)

. count if analysis_ok
  8,715

. local n_cc = r(N)

. 
. display as text "N with SNAP Yes/No (excl Don't Know): " as result `n_snap'
N with SNAP Yes/No (excl Don't Know): 8765

. display as text "Complete-case analysis N: " as result `n_cc'
Complete-case analysis N: 8715

. 
. tab support snap if analysis_ok, missing

     Support for SNAP |  SNAP participation
     soft-drink/candy | past 3 months (W2 Q4)
   restrictions (1-5) |  Non-SNAP       SNAP |     Total
----------------------+----------------------+----------
      Strongly oppose |       495      1,220 |     1,715 
      Somewhat oppose |       557        714 |     1,271 
Neither oppose nor su |       866        971 |     1,837 
     Somewhat support |       930        689 |     1,619 
     Strongly support |     1,492        781 |     2,273 
----------------------+----------------------+----------
                Total |     4,340      4,375 |     8,715 

. misstable summarize support snap risk embarrass stigma overconsume     restri
> ction_status_num if !missing(snap)
                                                               Obs<.
                                                +------------------------------
               |                                | Unique
      Variable |     Obs=.     Obs>.     Obs<.  | values        Min         Max
  -------------+--------------------------------+------------------------------
     embarrass |        50               8,715  |      5          1           5
  -----------------------------------------------------------------------------

. 
. *----------------------------------------------------------------------------
> --*
. * 8. Save analysis file (local only; not committed to GitHub)
. *----------------------------------------------------------------------------
> --*
. save "`out'\snap_w2_analysis.dta", replace
(file C:\Users\culm\OneDrive - University of North Carolina at Chapel
    Hill\OUHSC Backup 6.26.23\Employee Folder\Stanford Data
    Analyst\SNAP\SNAP_support\output\snap_w2_analysis.dta not found)
file C:\Users\culm\OneDrive - University of North Carolina at Chapel
    Hill\OUHSC Backup 6.26.23\Employee Folder\Stanford Data
    Analyst\SNAP\SNAP_support\output\snap_w2_analysis.dta saved

. display as result "Saved: `out'\snap_w2_analysis.dta"
Saved: C:\Users\culm\OneDrive - University of North Carolina at Chapel Hill\OUH
> SC Backup 6.26.23\Employee Folder\Stanford Data Analyst\SNAP\SNAP_support\out
> put\snap_w2_analysis.dta

. 
. log close
      name:  <unnamed>
       log:  C:\Users\culm\OneDrive - University of North Carolina at Chapel Hi
> ll\OUHSC Backup 6.26.23\Employee Folder\Stanford Data Analyst\SNAP\SNAP_suppo
> rt\output\logs\01_prepare_data.log
  log type:  text
 closed on:   3 Aug 2026, 09:26:29
-------------------------------------------------------------------------------
